// Jest Snapshot v1, https://goo.gl/fbAQLP

exports[`Should render <p>No Expenses Currently</p> when there are no expenses 1`] = `
<div>
  <p>
    No Expenses currently
  </p>
</div>
`;

exports[`Should render the ExpenseList with Expenses 1`] = `
<div>
  <Connect(ExpenseListItem)
    amount={195}
    createdAt={"1970-01-01T00:00:00.000Z"}
    description="Gum"
    id="1"
    key="1"
    note=""
  />
  <Connect(ExpenseListItem)
    amount={109500}
    createdAt={"1969-12-30T00:00:00.000Z"}
    description="REnt"
    id="2"
    key="2"
    note=""
  />
  <Connect(ExpenseListItem)
    amount={4500}
    createdAt={"1970-01-03T00:00:00.000Z"}
    description="credit card"
    id="3"
    key="3"
    note=""
  />
</div>
`;
